2026-08-19 03:49:07.887: [INFO] CurrentProfilePath: D:\Projects\New-Tool\Backend\.metadata\.plugins\org.eclipse.swt\EBWebView\Default
2026-08-19 03:49:07.887: [INFO] Profiles total count: 1
2026-08-19 03:49:07.887: [INFO] Profile: name=Profile 1 path=D:\Projects\New-Tool\Backend\.metadata\.plugins\org.eclipse.swt\EBWebView\Default lastActive=null
2026-08-19 03:49:07.887: [INFO] LastUsedProfileDir: D:\Projects\New-Tool\Backend\.metadata\.plugins\org.eclipse.swt\EBWebView\Default
2026-08-19 03:49:07.887: [INFO] OnDoneLoading sync enabled: 0
2026-08-19 03:49:07.887: [INFO] BookmarkModelLoaded, ids_reassigned: 0
2026-08-19 03:49:07.887: [INFO] BookmarksLoadDropped droppedNodes=0
2026-08-19 03:49:07.887: [INFO] BookmarksSnapshot Startup total=0 bar=0 other=0 mobile=0 showBar=0 showBarNTP=1
2026-08-19 03:49:14.898: [INFO] BookmarksSnapshot Shutdown total=0 bar=0 other=0 mobile=0 showBar=0 showBarNTP=1
2026-08-19 03:49:21.630: [INFO] CurrentProfilePath: D:\Projects\New-Tool\Backend\.metadata\.plugins\org.eclipse.swt\EBWebView\Default
2026-08-19 03:49:21.630: [INFO] Profiles total count: 1
2026-08-19 03:49:21.631: [INFO] Profile: name=Profile 1 path=D:\Projects\New-Tool\Backend\.metadata\.plugins\org.eclipse.swt\EBWebView\Default lastActive=2026-08-19T03:49:08.041Z
2026-08-19 03:49:21.631: [INFO] LastUsedProfileDir: D:\Projects\New-Tool\Backend\.metadata\.plugins\org.eclipse.swt\EBWebView\Default
2026-08-19 03:49:21.631: [INFO] MostRecentlyActiveProfile: name=Profile 1 path=D:\Projects\New-Tool\Backend\.metadata\.plugins\org.eclipse.swt\EBWebView\Default lastActive=2026-08-19T03:49:08.041Z
2026-08-19 03:49:21.631: [INFO] OnDoneLoading sync enabled: 0
2026-08-19 03:49:21.631: [INFO] BookmarkModelLoaded, ids_reassigned: 0
2026-08-19 03:49:21.631: [INFO] BookmarksLoadDropped droppedNodes=0
2026-08-19 03:49:21.631: [INFO] BookmarksSnapshot Startup total=0 bar=0 other=0 mobile=0 showBar=0 showBarNTP=1
2026-08-19 03:53:17.433: [INFO] BookmarksSnapshot Shutdown total=0 bar=0 other=0 mobile=0 showBar=0 showBarNTP=1
2026-08-19 04:06:12.562: [INFO] CurrentProfilePath: D:\Projects\New-Tool\Backend\.metadata\.plugins\org.eclipse.swt\EBWebView\Default
2026-08-19 04:06:12.562: [INFO] Profiles total count: 1
2026-08-19 04:06:12.562: [INFO] Profile: name=Profile 1 path=D:\Projects\New-Tool\Backend\.metadata\.plugins\org.eclipse.swt\EBWebView\Default lastActive=2026-08-19T03:52:59.490Z
2026-08-19 04:06:12.562: [INFO] LastUsedProfileDir: D:\Projects\New-Tool\Backend\.metadata\.plugins\org.eclipse.swt\EBWebView\Default
2026-08-19 04:06:12.562: [INFO] MostRecentlyActiveProfile: name=Profile 1 path=D:\Projects\New-Tool\Backend\.metadata\.plugins\org.eclipse.swt\EBWebView\Default lastActive=2026-08-19T03:52:59.490Z
2026-08-19 04:06:12.562: [INFO] OnDoneLoading sync enabled: 0
2026-08-19 04:06:12.562: [INFO] BookmarkModelLoaded, ids_reassigned: 0
2026-08-19 04:06:12.562: [INFO] BookmarksLoadDropped droppedNodes=0
2026-08-19 04:06:12.562: [INFO] BookmarksSnapshot Startup total=0 bar=0 other=0 mobile=0 showBar=0 showBarNTP=1
2026-08-19 04:06:14.970: [INFO] BookmarksSnapshot Shutdown total=0 bar=0 other=0 mobile=0 showBar=0 showBarNTP=1
2026-08-19 04:10:36.815: [INFO] CurrentProfilePath: D:\Projects\New-Tool\Backend\.metadata\.plugins\org.eclipse.swt\EBWebView\Default
2026-08-19 04:10:36.815: [INFO] Profiles total count: 1
2026-08-19 04:10:36.815: [INFO] Profile: name=Profile 1 path=D:\Projects\New-Tool\Backend\.metadata\.plugins\org.eclipse.swt\EBWebView\Default lastActive=2026-08-19T03:52:59.490Z
2026-08-19 04:10:36.815: [INFO] LastUsedProfileDir: D:\Projects\New-Tool\Backend\.metadata\.plugins\org.eclipse.swt\EBWebView\Default
2026-08-19 04:10:36.815: [INFO] MostRecentlyActiveProfile: name=Profile 1 path=D:\Projects\New-Tool\Backend\.metadata\.plugins\org.eclipse.swt\EBWebView\Default lastActive=2026-08-19T03:52:59.490Z
2026-08-19 04:10:36.815: [INFO] OnDoneLoading sync enabled: 0
2026-08-19 04:10:36.815: [INFO] BookmarkModelLoaded, ids_reassigned: 0
2026-08-19 04:10:36.815: [INFO] BookmarksLoadDropped droppedNodes=0
2026-08-19 04:10:36.815: [INFO] BookmarksSnapshot Startup total=0 bar=0 other=0 mobile=0 showBar=0 showBarNTP=1
2026-08-19 07:25:20.615: [INFO] BookmarksSnapshot Shutdown total=0 bar=0 other=0 mobile=0 showBar=0 showBarNTP=1
2026-08-19 09:13:43.900: [INFO] CurrentProfilePath: D:\Projects\New-Tool\Backend\.metadata\.plugins\org.eclipse.swt\EBWebView\Default
2026-08-19 09:13:43.900: [INFO] Profiles total count: 1
2026-08-19 09:13:43.901: [INFO] Profile: name=Profile 1 path=D:\Projects\New-Tool\Backend\.metadata\.plugins\org.eclipse.swt\EBWebView\Default lastActive=2026-08-19T03:52:59.490Z
2026-08-19 09:13:43.901: [INFO] LastUsedProfileDir: D:\Projects\New-Tool\Backend\.metadata\.plugins\org.eclipse.swt\EBWebView\Default
2026-08-19 09:13:43.901: [INFO] MostRecentlyActiveProfile: name=Profile 1 path=D:\Projects\New-Tool\Backend\.metadata\.plugins\org.eclipse.swt\EBWebView\Default lastActive=2026-08-19T03:52:59.490Z
2026-08-19 09:13:43.901: [INFO] OnDoneLoading sync enabled: 0
2026-08-19 09:13:43.901: [INFO] BookmarkModelLoaded, ids_reassigned: 0
2026-08-19 09:13:43.901: [INFO] BookmarksLoadDropped droppedNodes=0
2026-08-19 09:13:43.901: [INFO] BookmarksSnapshot Startup total=0 bar=0 other=0 mobile=0 showBar=0 showBarNTP=1
2026-08-19 09:14:06.701: [INFO] BookmarksSnapshot Shutdown total=0 bar=0 other=0 mobile=0 showBar=0 showBarNTP=1
2026-08-19 10:06:25.786: [INFO] CurrentProfilePath: D:\Projects\New-Tool\Backend\.metadata\.plugins\org.eclipse.swt\EBWebView\Default
2026-08-19 10:06:25.786: [INFO] Profiles total count: 1
2026-08-19 10:06:25.787: [INFO] Profile: name=Profile 1 path=D:\Projects\New-Tool\Backend\.metadata\.plugins\org.eclipse.swt\EBWebView\Default lastActive=2026-08-19T09:14:04.389Z
2026-08-19 10:06:25.787: [INFO] LastUsedProfileDir: D:\Projects\New-Tool\Backend\.metadata\.plugins\org.eclipse.swt\EBWebView\Default
2026-08-19 10:06:25.787: [INFO] MostRecentlyActiveProfile: name=Profile 1 path=D:\Projects\New-Tool\Backend\.metadata\.plugins\org.eclipse.swt\EBWebView\Default lastActive=2026-08-19T09:14:04.389Z
2026-08-19 10:06:25.787: [INFO] OnDoneLoading sync enabled: 0
2026-08-19 10:06:25.787: [INFO] BookmarkModelLoaded, ids_reassigned: 0
2026-08-19 10:06:25.787: [INFO] BookmarksLoadDropped droppedNodes=0
2026-08-19 10:06:25.787: [INFO] BookmarksSnapshot Startup total=0 bar=0 other=0 mobile=0 showBar=0 showBarNTP=1
2026-08-19 11:01:23.626: [INFO] BookmarksSnapshot Shutdown total=0 bar=0 other=0 mobile=0 showBar=0 showBarNTP=1
2026-08-27 15:16:47.494: [INFO] CurrentProfilePath: D:\Projects\New-Tool\Backend\.metadata\.plugins\org.eclipse.swt\EBWebView\Default
2026-08-27 15:16:47.494: [INFO] Profiles total count: 1
2026-08-27 15:16:47.494: [INFO] Profile: name=Profile 1 path=D:\Projects\New-Tool\Backend\.metadata\.plugins\org.eclipse.swt\EBWebView\Default lastActive=2026-08-19T09:14:04.389Z
2026-08-27 15:16:47.494: [INFO] LastUsedProfileDir: D:\Projects\New-Tool\Backend\.metadata\.plugins\org.eclipse.swt\EBWebView\Default
2026-08-27 15:16:47.495: [INFO] MostRecentlyActiveProfile: name=Profile 1 path=D:\Projects\New-Tool\Backend\.metadata\.plugins\org.eclipse.swt\EBWebView\Default lastActive=2026-08-19T09:14:04.389Z
2026-08-27 15:16:47.495: [INFO] OnDoneLoading sync enabled: 0
2026-08-27 15:16:47.495: [INFO] BookmarkModelLoaded, ids_reassigned: 0
2026-08-27 15:16:47.495: [INFO] BookmarksLoadDropped droppedNodes=0
2026-08-27 15:16:47.495: [INFO] BookmarksSnapshot Startup total=0 bar=0 other=0 mobile=0 showBar=0 showBarNTP=1
2026-08-27 15:17:48.571: [INFO] BookmarksSnapshot Shutdown total=0 bar=0 other=0 mobile=0 showBar=0 showBarNTP=1
2026-08-30 04:49:45.028: [INFO] CurrentProfilePath: D:\Projects\New-Tool\Backend\.metadata\.plugins\org.eclipse.swt\EBWebView\Default
2026-08-30 04:49:45.028: [INFO] Profiles total count: 1
2026-08-30 04:49:45.029: [INFO] Profile: name=Profile 1 path=D:\Projects\New-Tool\Backend\.metadata\.plugins\org.eclipse.swt\EBWebView\Default lastActive=2026-08-27T15:17:47.198Z
2026-08-30 04:49:45.029: [INFO] LastUsedProfileDir: D:\Projects\New-Tool\Backend\.metadata\.plugins\org.eclipse.swt\EBWebView\Default
2026-08-30 04:49:45.029: [INFO] MostRecentlyActiveProfile: name=Profile 1 path=D:\Projects\New-Tool\Backend\.metadata\.plugins\org.eclipse.swt\EBWebView\Default lastActive=2026-08-27T15:17:47.198Z
2026-08-30 04:49:45.029: [INFO] OnDoneLoading sync enabled: 0
2026-08-30 04:49:45.029: [INFO] BookmarkModelLoaded, ids_reassigned: 0
2026-08-30 04:49:45.029: [INFO] BookmarksLoadDropped droppedNodes=0
2026-08-30 04:49:45.029: [INFO] BookmarksSnapshot Startup total=0 bar=0 other=0 mobile=0 showBar=0 showBarNTP=1
2026-08-30 04:50:04.864: [INFO] BookmarksSnapshot Shutdown total=0 bar=0 other=0 mobile=0 showBar=0 showBarNTP=1
2026-08-30 08:45:21.099: [INFO] CurrentProfilePath: D:\Projects\New-Tool\Backend\.metadata\.plugins\org.eclipse.swt\EBWebView\Default
2026-08-30 08:45:21.099: [INFO] Profiles total count: 1
2026-08-30 08:45:21.099: [INFO] Profile: name=Profile 1 path=D:\Projects\New-Tool\Backend\.metadata\.plugins\org.eclipse.swt\EBWebView\Default lastActive=2026-08-27T15:17:47.198Z
2026-08-30 08:45:21.099: [INFO] LastUsedProfileDir: D:\Projects\New-Tool\Backend\.metadata\.plugins\org.eclipse.swt\EBWebView\Default
2026-08-30 08:45:21.099: [INFO] MostRecentlyActiveProfile: name=Profile 1 path=D:\Projects\New-Tool\Backend\.metadata\.plugins\org.eclipse.swt\EBWebView\Default lastActive=2026-08-27T15:17:47.198Z
2026-08-30 08:45:21.099: [INFO] OnDoneLoading sync enabled: 0
2026-08-30 08:45:21.099: [INFO] BookmarkModelLoaded, ids_reassigned: 0
2026-08-30 08:45:21.099: [INFO] BookmarksLoadDropped droppedNodes=0
2026-08-30 08:45:21.099: [INFO] BookmarksSnapshot Startup total=0 bar=0 other=0 mobile=0 showBar=0 showBarNTP=1
2026-08-30 08:45:30.497: [INFO] BookmarksSnapshot Shutdown total=0 bar=0 other=0 mobile=0 showBar=0 showBarNTP=1
2026-08-30 08:45:43.710: [INFO] CurrentProfilePath: D:\Projects\New-Tool\Backend\.metadata\.plugins\org.eclipse.swt\EBWebView\Default
2026-08-30 08:45:43.710: [INFO] Profiles total count: 1
2026-08-30 08:45:43.711: [INFO] Profile: name=Profile 1 path=D:\Projects\New-Tool\Backend\.metadata\.plugins\org.eclipse.swt\EBWebView\Default lastActive=2026-08-27T15:17:47.198Z
2026-08-30 08:45:43.711: [INFO] LastUsedProfileDir: D:\Projects\New-Tool\Backend\.metadata\.plugins\org.eclipse.swt\EBWebView\Default
2026-08-30 08:45:43.711: [INFO] MostRecentlyActiveProfile: name=Profile 1 path=D:\Projects\New-Tool\Backend\.metadata\.plugins\org.eclipse.swt\EBWebView\Default lastActive=2026-08-27T15:17:47.198Z
2026-08-30 08:45:43.711: [INFO] OnDoneLoading sync enabled: 0
2026-08-30 08:45:43.711: [INFO] BookmarkModelLoaded, ids_reassigned: 0
2026-08-30 08:45:43.711: [INFO] BookmarksLoadDropped droppedNodes=0
2026-08-30 08:45:43.711: [INFO] BookmarksSnapshot Startup total=0 bar=0 other=0 mobile=0 showBar=0 showBarNTP=1
2026-08-30 12:08:48.190: [INFO] BookmarksSnapshot Shutdown total=0 bar=0 other=0 mobile=0 showBar=0 showBarNTP=1
2026-08-30 12:20:20.557: [INFO] CurrentProfilePath: D:\Projects\New-Tool\Backend\.metadata\.plugins\org.eclipse.swt\EBWebView\Default
2026-08-30 12:20:20.557: [INFO] Profiles total count: 1
2026-08-30 12:20:20.558: [INFO] Profile: name=Profile 1 path=D:\Projects\New-Tool\Backend\.metadata\.plugins\org.eclipse.swt\EBWebView\Default lastActive=2026-08-27T15:17:47.198Z
2026-08-30 12:20:20.558: [INFO] LastUsedProfileDir: D:\Projects\New-Tool\Backend\.metadata\.plugins\org.eclipse.swt\EBWebView\Default
2026-08-30 12:20:20.558: [INFO] MostRecentlyActiveProfile: name=Profile 1 path=D:\Projects\New-Tool\Backend\.metadata\.plugins\org.eclipse.swt\EBWebView\Default lastActive=2026-08-27T15:17:47.198Z
2026-08-30 12:20:20.558: [INFO] OnDoneLoading sync enabled: 0
2026-08-30 12:20:20.558: [INFO] BookmarkModelLoaded, ids_reassigned: 0
2026-08-30 12:20:20.558: [INFO] BookmarksLoadDropped droppedNodes=0
2026-08-30 12:20:20.558: [INFO] BookmarksSnapshot Startup total=0 bar=0 other=0 mobile=0 showBar=0 showBarNTP=1
2026-08-30 12:20:23.379: [INFO] BookmarksSnapshot Shutdown total=0 bar=0 other=0 mobile=0 showBar=0 showBarNTP=1
2026-08-30 16:22:00.576: [INFO] CurrentProfilePath: D:\Projects\New-Tool\Backend\.metadata\.plugins\org.eclipse.swt\EBWebView\Default
2026-08-30 16:22:00.576: [INFO] Profiles total count: 1
2026-08-30 16:22:00.577: [INFO] Profile: name=Profile 1 path=D:\Projects\New-Tool\Backend\.metadata\.plugins\org.eclipse.swt\EBWebView\Default lastActive=2026-08-27T15:17:47.198Z
2026-08-30 16:22:00.577: [INFO] LastUsedProfileDir: D:\Projects\New-Tool\Backend\.metadata\.plugins\org.eclipse.swt\EBWebView\Default
2026-08-30 16:22:00.577: [INFO] MostRecentlyActiveProfile: name=Profile 1 path=D:\Projects\New-Tool\Backend\.metadata\.plugins\org.eclipse.swt\EBWebView\Default lastActive=2026-08-27T15:17:47.198Z
2026-08-30 16:22:00.577: [INFO] OnDoneLoading sync enabled: 0
2026-08-30 16:22:00.577: [INFO] BookmarkModelLoaded, ids_reassigned: 0
2026-08-30 16:22:00.577: [INFO] BookmarksLoadDropped droppedNodes=0
2026-08-30 16:22:00.577: [INFO] BookmarksSnapshot Startup total=0 bar=0 other=0 mobile=0 showBar=0 showBarNTP=1
2026-08-30 16:22:05.778: [INFO] BookmarksSnapshot Shutdown total=0 bar=0 other=0 mobile=0 showBar=0 showBarNTP=1
2026-08-31 04:29:22.531: [INFO] CurrentProfilePath: D:\Projects\New-Tool\Backend\.metadata\.plugins\org.eclipse.swt\EBWebView\Default
2026-08-31 04:29:22.531: [INFO] Profiles total count: 1
2026-08-31 04:29:22.532: [INFO] Profile: name=Profile 1 path=D:\Projects\New-Tool\Backend\.metadata\.plugins\org.eclipse.swt\EBWebView\Default lastActive=2026-08-27T15:17:47.198Z
2026-08-31 04:29:22.532: [INFO] LastUsedProfileDir: D:\Projects\New-Tool\Backend\.metadata\.plugins\org.eclipse.swt\EBWebView\Default
2026-08-31 04:29:22.532: [INFO] MostRecentlyActiveProfile: name=Profile 1 path=D:\Projects\New-Tool\Backend\.metadata\.plugins\org.eclipse.swt\EBWebView\Default lastActive=2026-08-27T15:17:47.198Z
2026-08-31 04:29:22.532: [INFO] OnDoneLoading sync enabled: 0
2026-08-31 04:29:22.532: [INFO] BookmarkModelLoaded, ids_reassigned: 0
2026-08-31 04:29:22.532: [INFO] BookmarksLoadDropped droppedNodes=0
2026-08-31 04:29:22.532: [INFO] BookmarksSnapshot Startup total=0 bar=0 other=0 mobile=0 showBar=0 showBarNTP=1
2026-08-31 04:31:41.207: [INFO] BookmarksSnapshot Shutdown total=0 bar=0 other=0 mobile=0 showBar=0 showBarNTP=1
2026-08-31 04:47:47.401: [INFO] CurrentProfilePath: D:\Projects\New-Tool\Backend\.metadata\.plugins\org.eclipse.swt\EBWebView\Default
2026-08-31 04:47:47.401: [INFO] Profiles total count: 1
2026-08-31 04:47:47.401: [INFO] Profile: name=Profile 1 path=D:\Projects\New-Tool\Backend\.metadata\.plugins\org.eclipse.swt\EBWebView\Default lastActive=2026-08-27T15:17:47.198Z
2026-08-31 04:47:47.401: [INFO] LastUsedProfileDir: D:\Projects\New-Tool\Backend\.metadata\.plugins\org.eclipse.swt\EBWebView\Default
2026-08-31 04:47:47.401: [INFO] MostRecentlyActiveProfile: name=Profile 1 path=D:\Projects\New-Tool\Backend\.metadata\.plugins\org.eclipse.swt\EBWebView\Default lastActive=2026-08-27T15:17:47.198Z
2026-08-31 04:47:47.401: [INFO] OnDoneLoading sync enabled: 0
2026-08-31 04:47:47.401: [INFO] BookmarkModelLoaded, ids_reassigned: 0
2026-08-31 04:47:47.401: [INFO] BookmarksLoadDropped droppedNodes=0
2026-08-31 04:47:47.401: [INFO] BookmarksSnapshot Startup total=0 bar=0 other=0 mobile=0 showBar=0 showBarNTP=1
2026-08-31 05:28:53.095: [INFO] BookmarksSnapshot Shutdown total=0 bar=0 other=0 mobile=0 showBar=0 showBarNTP=1
2026-08-31 05:43:03.401: [INFO] CurrentProfilePath: D:\Projects\New-Tool\Backend\.metadata\.plugins\org.eclipse.swt\EBWebView\Default
2026-08-31 05:43:03.401: [INFO] Profiles total count: 1
2026-08-31 05:43:03.401: [INFO] Profile: name=Profile 1 path=D:\Projects\New-Tool\Backend\.metadata\.plugins\org.eclipse.swt\EBWebView\Default lastActive=2026-08-27T15:17:47.198Z
2026-08-31 05:43:03.401: [INFO] LastUsedProfileDir: D:\Projects\New-Tool\Backend\.metadata\.plugins\org.eclipse.swt\EBWebView\Default
2026-08-31 05:43:03.401: [INFO] MostRecentlyActiveProfile: name=Profile 1 path=D:\Projects\New-Tool\Backend\.metadata\.plugins\org.eclipse.swt\EBWebView\Default lastActive=2026-08-27T15:17:47.198Z
2026-08-31 05:43:03.401: [INFO] OnDoneLoading sync enabled: 0
2026-08-31 05:43:03.401: [INFO] BookmarkModelLoaded, ids_reassigned: 0
2026-08-31 05:43:03.401: [INFO] BookmarksLoadDropped droppedNodes=0
2026-08-31 05:43:03.401: [INFO] BookmarksSnapshot Startup total=0 bar=0 other=0 mobile=0 showBar=0 showBarNTP=1
2026-08-31 05:43:21.660: [INFO] BookmarksSnapshot Shutdown total=0 bar=0 other=0 mobile=0 showBar=0 showBarNTP=1
